// 重构日志: 939cbbb4
// 同步 ID: e36d62ca @ Mon Jul 13 23:03:59 UTC 2026
// 重构日志: 25f8406b
// 重构日志: cbaca15f
// 同步 ID: 01214606 @ Wed Jul 15 01:14:26 UTC 2026
// 重构日志: 34cff479
// 重构日志: 0dee8ff6
// 重构日志: 1f638079
// 重构日志: 952c8f58
// 同步 ID: 60b317d8 @ Sat Jul 18 13:04:53 UTC 2026
// 重构日志: daaf4c83
// 重构日志: e6824865
// 同步 ID: db1aeb48 @ Sun Jul 19 15:06:47 UTC 2026
// 重构日志: db5bd322
// 同步 ID: a6189fe7 @ Sun Jul 19 17:20:26 UTC 2026
// 重构日志: 1f669f7e
// 同步 ID: b6b1ffce @ Tue Jul 21 11:47:31 UTC 2026
// 同步 ID: 88b7bcf1 @ Tue Jul 21 17:53:33 UTC 2026
// 重构日志: ea3560d5
// 同步 ID: aac43a9c @ Wed Jul 22 08:50:30 UTC 2026
// 重构日志: 58068952
// 同步 ID: ca61558b @ Fri Jul 24 08:19:24 UTC 2026
// 同步 ID: 938f91f5 @ Fri Jul 24 11:08:47 UTC 2026
// 重构日志: 34f5a677
// 重构日志: 89c9d687
// 重构日志: 2ef718ef
// 重构日志: d3c45113
// 重构日志: 73fb85e3
// 重构日志: 58628308
// 同步 ID: 9f79f540 @ Sat Jul 25 13:49:05 UTC 2026
